ets Jun  8 2016 00:22:57

rst:0x1 (POWERON_RESET),boot:0x13 (SPI_FAST_FLASH_BOOT)
configsip: 0, SPIWP:0xee
clk_drv:0x00,q_drv:0x00,d_drv:0x00,cs0_drv:0x00,hd_drv:0x00,wp_drv:0x00
mode:DIO, clock div:2
load:0x3fff0030,len:7172
load:0x40078000,len:15620
load:0x40080400,len:4
ho 8 tail 4 room 4
load:0x40080404,len:3904
entry 0x40080640
[0;32mI (30) boot: ESP-IDF v5.2.5-dirty 2nd stage bootloader[0m
[0;32mI (30) boot: compile time May 21 2025 18:56:09[0m
[0;32mI (30) boot: Multicore bootloader[0m
[0;32mI (35) boot: chip revision: v1.1[0m
[0;32mI (38) boot.esp32: SPI Speed      : 40MHz[0m
[0;32mI (43) boot.esp32: SPI Mode       : DIO[0m
[0;32mI (48) boot.esp32: SPI Flash Size : 2MB[0m
[0;32mI (52) boot: Enabling RNG early entropy source...[0m
[0;32mI (58) boot: Partition Table:[0m
[0;32mI (61) boot: ## Label            Usage          Type ST Offset   Length[0m
[0;32mI (68) boot:  0 nvs              WiFi data        01 02 00009000 00006000[0m
[0;32mI (76) boot:  1 phy_init         RF data          01 01 0000f000 00001000[0m
[0;32mI (83) boot:  2 factory          factory app      00 00 00010000 00100000[0m
[0;32mI (91) boot: End of partition table[0m
[0;32mI (95) esp_image: segment 0: paddr=00010020 vaddr=3f400020 size=188a4h (100516) map[0m
[0;32mI (138) esp_image: segment 1: paddr=000288cc vaddr=3ffb0000 size=03cf0h ( 15600) load[0m
[0;32mI (144) esp_image: segment 2: paddr=0002c5c4 vaddr=40080000 size=03a54h ( 14932) load[0m
[0;32mI (150) esp_image: segment 3: paddr=00030020 vaddr=400d0020 size=82f20h (536352) map[0m
[0;32mI (336) esp_image: segment 4: paddr=000b2f48 vaddr=40083a54 size=133fch ( 78844) load[0m
[0;32mI (379) boot: Loaded app from partition at offset 0x10000[0m
[0;32mI (379) boot: Disabling RNG early entropy source...[0m
[0;32mI (390) cpu_start: Multicore app[0m
[0;32mI (399) cpu_start: Pro cpu start user code[0m
[0;32mI (399) cpu_start: cpu freq: 160000000 Hz[0m
[0;32mI (400) cpu_start: Application information:[0m
[0;32mI (403) cpu_start: Project name:     esp_wifi_speed_test[0m
[0;32mI (408) cpu_start: App version:      1[0m
[0;32mI (413) cpu_start: Compile time:     May 21 2025 18:55:48[0m
[0;32mI (419) cpu_start: ELF file SHA256:  1495efad9...[0m
[0;32mI (424) cpu_start: ESP-IDF:          v5.2.5-dirty[0m
[0;32mI (430) cpu_start: Min chip rev:     v0.0[0m
[0;32mI (434) cpu_start: Max chip rev:     v3.99 [0m
[0;32mI (439) cpu_start: Chip rev:         v1.1[0m
[0;32mI (444) heap_init: Initializing. RAM available for dynamic allocation:[0m
[0;32mI (451) heap_init: At 3FFAE6E0 len 00001920 (6 KiB): DRAM[0m
[0;32mI (457) heap_init: At 3FFB8230 len 00027DD0 (159 KiB): DRAM[0m
[0;32mI (464) heap_init: At 3FFE0440 len 00003AE0 (14 KiB): D/IRAM[0m
[0;32mI (470) heap_init: At 3FFE4350 len 0001BCB0 (111 KiB): D/IRAM[0m
[0;32mI (476) heap_init: At 40096E50 len 000091B0 (36 KiB): IRAM[0m
[0;32mI (484) spi_flash: detected chip: generic[0m
[0;32mI (487) spi_flash: flash io: dio[0m
[0;33mW (491) spi_flash: Detected size(4096k) larger than the size in the binary image header(2048k). Using the size in the binary image header.[0m
[0;32mI (505) main_task: Started on CPU0[0m
[0;32mI (515) main_task: Calling app_main()[0m
[0;32mI (545) wifi:wifi driver task: 3ffc0090, prio:23, stack:6656, core=0[0m
[0;32mI (545) wifi:wifi firmware version: 01d22db[0m
[0;32mI (545) wifi:wifi certification version: v7.0[0m
[0;32mI (545) wifi:config NVS flash: enabled[0m
[0;32mI (545) wifi:config nano formating: disabled[0m
[0;32mI (555) wifi:Init data frame dynamic rx buffer num: 32[0m
[0;32mI (555) wifi:Init static rx mgmt buffer num: 5[0m
[0;32mI (565) wifi:Init management short buffer num: 32[0m
[0;32mI (565) wifi:Init dynamic tx buffer num: 32[0m
[0;32mI (565) wifi:Init static rx buffer size: 1600[0m
[0;32mI (575) wifi:Init static rx buffer num: 10[0m
[0;32mI (575) wifi:Init dynamic rx buffer num: 32[0m
[0;32mI (585) wifi_init: rx ba win: 6[0m
[0;32mI (585) wifi_init: tcpip mbox: 32[0m
[0;32mI (585) wifi_init: udp mbox: 6[0m
[0;32mI (595) wifi_init: tcp mbox: 6[0m
[0;32mI (595) wifi_init: tcp tx win: 5760[0m
[0;32mI (595) wifi_init: tcp rx win: 5760[0m
[0;32mI (605) wifi_init: tcp mss: 1440[0m
[0;32mI (605) wifi_init: WiFi IRAM OP enabled[0m
[0;32mI (615) wifi_init: WiFi RX IRAM OP enabled[0m
[0;33mW (615) wifi:Password length matches WPA2 standards, authmode threshold changes from OPEN to WPA2[0m
[0;32mI (645) phy_init: phy_version 4840,02e0d70,Sep  2 2024,19:39:07[0m
[0;33mW (645) phy_init: failed to load RF calibration data (0x1102), falling back to full calibration[0m
[0;32mI (715) phy_init: Saving new calibration data due to checksum failure or outdated calibration data, mode(2)[0m
[0;32mI (735) wifi:mode : sta (d4:8c:49:b9:a1:98)[0m
[0;32mI (735) wifi:enable tsf[0m
[0;32mI (1975) wifi:new:<9,0>, old:<1,0>, ap:<255,255>, sta:<9,0>, prof:1[0m
[0;32mI (1975) wifi:state: init -> auth (b0)[0m
[0;32mI (1985) wifi:state: auth -> assoc (0)[0m
[0;32mI (2045) wifi:state: assoc -> run (10)[0m
[0;32mI (2065) wifi:connected with NQH, aid = 2, channel 9, BW20, bssid = 02:39:18:0f:8b:b3[0m
[0;32mI (2065) wifi:security: WPA2-PSK, phy: bgn, rssi: -51[0m
[0;32mI (2075) wifi:pm start, type: 1[0m

[0;32mI (2075) wifi:dp: 1, bi: 102400, li: 3, scale listen interval from 307200 us to 307200 us[0m
[0;32mI (2105) wifi:<ba-add>idx:0 (ifx:0, 02:39:18:0f:8b:b3), tid:0, ssn:1, winSize:64[0m
[0;32mI (2115) wifi:dp: 2, bi: 102400, li: 4, scale listen interval from 307200 us to 409600 us[0m
[0;32mI (2115) wifi:AP's beacon interval = 102400 us, DTIM period = 2[0m
[0;32mI (3085) esp_netif_handlers: sta ip: 192.168.75.155, mask: 255.255.255.0, gw: 192.168.75.181[0m
[0;32mI (5735) main_task: Returned from app_main()[0m
[0;32mI (5745) upload_test: Test 1: Connected to server[0m
[0;32mI (7885) upload_test: Test 1: 1024.00 KB in 2.14 sec = 3.92 Mbps[0m
[0;32mI (8905) upload_test: Test 2: Connected to server[0m
[0;32mI (11055) upload_test: Test 2: 1024.00 KB in 2.15 sec = 3.90 Mbps[0m
[0;32mI (12065) upload_test: Test 3: Connected to server[0m
[0;32mI (14235) upload_test: Test 3: 1024.00 KB in 2.17 sec = 3.86 Mbps[0m
[0;32mI (15255) upload_test: Test 4: Connected to server[0m
[0;32mI (17445) upload_test: Test 4: 1024.00 KB in 2.19 sec = 3.83 Mbps[0m
[0;32mI (18455) upload_test: Test 5: Connected to server[0m
[0;32mI (20585) upload_test: Test 5: 1024.00 KB in 2.13 sec = 3.94 Mbps[0m
[0;32mI (21595) upload_test: Test 6: Connected to server[0m
[0;32mI (23795) upload_test: Test 6: 1024.00 KB in 2.21 sec = 3.80 Mbps[0m
[0;32mI (24815) upload_test: Test 7: Connected to server[0m
[0;32mI (26965) upload_test: Test 7: 1024.00 KB in 2.15 sec = 3.90 Mbps[0m
[0;32mI (27975) upload_test: Test 8: Connected to server[0m
[0;32mI (30095) upload_test: Test 8: 1024.00 KB in 2.13 sec = 3.94 Mbps[0m
[0;32mI (31115) upload_test: Test 9: Connected to server[0m
[0;32mI (33285) upload_test: Test 9: 1024.00 KB in 2.17 sec = 3.87 Mbps[0m
[0;32mI (34295) upload_test: Test 10: Connected to server[0m
[0;32mI (36415) upload_test: Test 10: 1024.00 KB in 2.12 sec = 3.96 Mbps[0m
[0;32mI (37415) upload_test: ===== T·ªïng k·∫øt =====[0m
[0;32mI (37415) upload_test: L·∫ßn 1: 3.92 Mbps[0m
[0;32mI (37415) upload_test: L·∫ßn 2: 3.90 Mbps[0m
[0;32mI (37415) upload_test: L·∫ßn 3: 3.86 Mbps[0m
[0;32mI (37415) upload_test: L·∫ßn 4: 3.83 Mbps[0m
[0;32mI (37425) upload_test: L·∫ßn 5: 3.94 Mbps[0m
[0;32mI (37425) upload_test: L·∫ßn 6: 3.80 Mbps[0m
[0;32mI (37435) upload_test: L·∫ßn 7: 3.90 Mbps[0m
[0;32mI (37435) upload_test: L·∫ßn 8: 3.94 Mbps[0m
[0;32mI (37445) upload_test: L·∫ßn 9: 3.87 Mbps[0m
[0;32mI (37445) upload_test: L·∫ßn 10: 3.96 Mbps[0m
[0;32mI (37455) upload_test: Trung b√¨nh: 3.89 Mbps[0m
